<html>
<body>
    <p>Hello RPL!</p>
</body>
</html>
